#0 building with "default" instance using docker driver

#1 [internal] load build definition from Dockerfile.worker-backend
#1 DONE 0.0s

#1 [internal] load build definition from Dockerfile.worker-backend
#1 transferring dockerfile: 2.21kB done
#1 DONE 0.0s

#2 resolve image config for docker-image://docker.io/docker/dockerfile:1
#2 DONE 0.5s

#3 docker-image://docker.io/docker/dockerfile:1@sha256:87999aa3d42bdc6bea60565083ee17e86d1f3339802f543c0d03998580f9cb89
#3 resolve docker.io/docker/dockerfile:1@sha256:87999aa3d42bdc6bea60565083ee17e86d1f3339802f543c0d03998580f9cb89 0.0s done
#3 CACHED

#4 [internal] load metadata for docker.io/library/python:3.12-slim-bookworm
#4 DONE 0.4s

#5 [internal] load .dockerignore
#5 transferring context: 609B done
#5 DONE 0.0s

#6 [stage-0 1/8] FROM docker.io/library/python:3.12-slim-bookworm@sha256:76d4b7b6305788c6b4c6a19d6a22a3921bf802e9af4d5e1e5bd771208dba74bf
#6 resolve docker.io/library/python:3.12-slim-bookworm@sha256:76d4b7b6305788c6b4c6a19d6a22a3921bf802e9af4d5e1e5bd771208dba74bf 0.0s done
#6 DONE 0.0s

#7 [stage-0 2/8] RUN apt-get update && apt-get install -y --no-install-recommends         ffmpeg         libsndfile1         curl     && rm -rf /var/lib/apt/lists/*
#7 CACHED

#8 [stage-0 3/8] WORKDIR /app
#8 CACHED

#9 [internal] load build context
#9 transferring context: 25.85kB done
#9 DONE 0.0s

#10 [stage-0 4/8] RUN --mount=type=cache,target=/root/.cache/pip     pip install         --index-url https://download.pytorch.org/whl/cu130         torch==2.9.0 torchaudio==2.9.0
#10 0.848 Looking in indexes: https://download.pytorch.org/whl/cu130
#10 1.546 Collecting torch==2.9.0
#10 1.547   Using cached https://download-r2.pytorch.org/whl/cu130/torch-2.9.0%2Bcu130-cp312-cp312-manylinux_2_28_x86_64.whl.metadata (30 kB)
#10 2.178 Collecting torchaudio==2.9.0
#10 2.179   Using cached https://download-r2.pytorch.org/whl/cu130/torchaudio-2.9.0%2Bcu130-cp312-cp312-manylinux_2_28_x86_64.whl.metadata (6.9 kB)
#10 2.796 Collecting filelock (from torch==2.9.0)
#10 2.796   Using cached filelock-3.29.0-py3-none-any.whl.metadata (2.0 kB)
#10 3.187 Collecting typing-extensions>=4.10.0 (from torch==2.9.0)
#10 3.212   Using cached https://download.pytorch.org/whl/typing_extensions-4.15.0-py3-none-any.whl.metadata (3.3 kB)
#10 3.604 Collecting setuptools (from torch==2.9.0)
#10 3.627   Using cached https://download.pytorch.org/whl/setuptools-70.2.0-py3-none-any.whl.metadata (5.8 kB)
#10 4.148 Collecting sympy>=1.13.3 (from torch==2.9.0)
#10 4.149   Using cached sympy-1.14.0-py3-none-any.whl.metadata (12 kB)
#10 4.772 Collecting networkx>=2.5.1 (from torch==2.9.0)
#10 4.773   Using cached networkx-3.6.1-py3-none-any.whl.metadata (6.8 kB)
#10 5.171 Collecting jinja2 (from torch==2.9.0)
#10 5.194   Using cached https://download.pytorch.org/whl/jinja2-3.1.6-py3-none-any.whl.metadata (2.9 kB)
#10 5.709 Collecting fsspec>=0.8.5 (from torch==2.9.0)
#10 5.710   Using cached fsspec-2026.4.0-py3-none-any.whl.metadata (10 kB)
#10 6.111 Collecting nvidia-cuda-nvrtc==13.0.48 (from torch==2.9.0)
#10 6.172   Downloading https://pypi.nvidia.com/nvidia-cuda-nvrtc/nvidia_cuda_nvrtc-13.0.48-py3-none-manylinux2010_x86_64.manylinux_2_12_x86_64.whl (90.2 MB)
#10 7.366      ━━━━━━━━━━━━━━━━━━━━━━━━━━━━━━━━━━━━━━━━ 90.2/90.2 MB 77.3 MB/s eta 0:00:00
#10 7.802 Collecting nvidia-cuda-runtime==13.0.48 (from torch==2.9.0)
#10 7.813   Downloading https://pypi.nvidia.com/nvidia-cuda-runtime/nvidia_cuda_runtime-13.0.48-py3-none-manylinux2014_x86_64.manylinux_2_17_x86_64.whl (2.2 MB)
#10 7.841      ━━━━━━━━━━━━━━━━━━━━━━━━━━━━━━━━━━━━━━━━ 2.2/2.2 MB 83.0 MB/s eta 0:00:00
#10 8.230 Collecting nvidia-cuda-cupti==13.0.48 (from torch==2.9.0)
#10 8.240   Downloading https://pypi.nvidia.com/nvidia-cuda-cupti/nvidia_cuda_cupti-13.0.48-py3-none-manylinux_2_25_x86_64.whl (10.7 MB)
#10 8.379      ━━━━━━━━━━━━━━━━━━━━━━━━━━━━━━━━━━━━━━━━ 10.7/10.7 MB 77.7 MB/s eta 0:00:00
#10 8.775 Collecting nvidia-cudnn-cu13==9.13.0.50 (from torch==2.9.0)
#10 8.785   Downloading https://pypi.nvidia.com/nvidia-cudnn-cu13/nvidia_cudnn_cu13-9.13.0.50-py3-none-manylinux_2_27_x86_64.whl (348.6 MB)
#10 13.01      ━━━━━━━━━━━━━━━━━━━━━━━━━━━━━━━━━━━━━━ 348.6/348.6 MB 83.7 MB/s eta 0:00:00
#10 13.57 Collecting nvidia-cublas==13.0.0.19 (from torch==2.9.0)
#10 13.58   Downloading https://pypi.nvidia.com/nvidia-cublas/nvidia_cublas-13.0.0.19-py3-none-manylinux_2_27_x86_64.whl (419.4 MB)
#10 18.61      ━━━━━━━━━━━━━━━━━━━━━━━━━━━━━━━━━━━━━━ 419.4/419.4 MB 82.8 MB/s eta 0:00:00
#10 19.20 Collecting nvidia-cufft==12.0.0.15 (from torch==2.9.0)
#10 19.21   Downloading https://pypi.nvidia.com/nvidia-cufft/nvidia_cufft-12.0.0.15-py3-none-manylinux2014_x86_64.manylinux_2_17_x86_64.whl (214.1 MB)
#10 21.57      ━━━━━━━━━━━━━━━━━━━━━━━━━━━━━━━━━━━━━━ 214.1/214.1 MB 90.5 MB/s eta 0:00:00
#10 22.09 Collecting nvidia-curand==10.4.0.35 (from torch==2.9.0)
#10 22.10   Downloading https://pypi.nvidia.com/nvidia-curand/nvidia_curand-10.4.0.35-py3-none-manylinux_2_27_x86_64.whl (59.5 MB)
#10 22.83      ━━━━━━━━━━━━━━━━━━━━━━━━━━━━━━━━━━━━━━━━ 59.5/59.5 MB 82.2 MB/s eta 0:00:00
#10 23.33 Collecting nvidia-cusolver==12.0.3.29 (from torch==2.9.0)
#10 23.35   Downloading https://pypi.nvidia.com/nvidia-cusolver/nvidia_cusolver-12.0.3.29-py3-none-manylinux_2_27_x86_64.whl (193.5 MB)
#10 25.48      ━━━━━━━━━━━━━━━━━━━━━━━━━━━━━━━━━━━━━━ 193.5/193.5 MB 90.6 MB/s eta 0:00:00
#10 25.96 Collecting nvidia-cusparse==12.6.2.49 (from torch==2.9.0)
#10 25.97   Downloading https://pypi.nvidia.com/nvidia-cusparse/nvidia_cusparse-12.6.2.49-py3-none-manylinux2014_x86_64.manylinux_2_17_x86_64.whl (140.2 MB)
#10 27.55      ━━━━━━━━━━━━━━━━━━━━━━━━━━━━━━━━━━━━━━ 140.2/140.2 MB 88.8 MB/s eta 0:00:00
#10 28.00 Collecting nvidia-cusparselt-cu13==0.8.0 (from torch==2.9.0)
#10 28.04   Downloading https://pypi.nvidia.com/nvidia-cusparselt-cu13/nvidia_cusparselt_cu13-0.8.0-py3-none-manylinux2014_x86_64.whl (169.9 MB)
#10 29.96      ━━━━━━━━━━━━━━━━━━━━━━━━━━━━━━━━━━━━━━ 169.9/169.9 MB 88.7 MB/s eta 0:00:00
#10 30.44 Collecting nvidia-nccl-cu13==2.27.7 (from torch==2.9.0)
#10 30.46   Downloading https://pypi.nvidia.com/nvidia-nccl-cu13/nvidia_nccl_cu13-2.27.7-py3-none-manylinux2014_x86_64.manylinux_2_17_x86_64.whl (193.9 MB)
#10 32.91      ━━━━━━━━━━━━━━━━━━━━━━━━━━━━━━━━━━━━━━ 193.9/193.9 MB 79.2 MB/s eta 0:00:00
#10 33.39 Collecting nvidia-nvshmem-cu13==3.3.24 (from torch==2.9.0)
#10 33.41   Downloading https://pypi.nvidia.com/nvidia-nvshmem-cu13/nvidia_nvshmem_cu13-3.3.24-py3-none-manylinux2014_x86_64.manylinux_2_17_x86_64.whl (60.4 MB)
#10 34.10      ━━━━━━━━━━━━━━━━━━━━━━━━━━━━━━━━━━━━━━━━ 60.4/60.4 MB 87.1 MB/s eta 0:00:00
#10 34.52 Collecting nvidia-nvtx==13.0.39 (from torch==2.9.0)
#10 34.54   Downloading https://pypi.nvidia.com/nvidia-nvtx/nvidia_nvtx-13.0.39-py3-none-manylinux1_x86_64.manylinux_2_5_x86_64.whl (147 kB)
#10 34.94 Collecting nvidia-nvjitlink==13.0.39 (from torch==2.9.0)
#10 34.95   Downloading https://pypi.nvidia.com/nvidia-nvjitlink/nvidia_nvjitlink-13.0.39-py3-none-manylinux2010_x86_64.manylinux_2_12_x86_64.whl (40.7 MB)
#10 35.41      ━━━━━━━━━━━━━━━━━━━━━━━━━━━━━━━━━━━━━━━━ 40.7/40.7 MB 89.1 MB/s eta 0:00:00
#10 35.82 Collecting nvidia-cufile==1.15.0.42 (from torch==2.9.0)
#10 35.84   Downloading https://pypi.nvidia.com/nvidia-cufile/nvidia_cufile-1.15.0.42-py3-none-manylinux2014_x86_64.manylinux_2_17_x86_64.whl (1.2 MB)
#10 35.87      ━━━━━━━━━━━━━━━━━━━━━━━━━━━━━━━━━━━━━━━━ 1.2/1.2 MB 38.9 MB/s eta 0:00:00
#10 36.49 Collecting triton==3.5.0 (from torch==2.9.0)
#10 36.69   Downloading https://download-r2.pytorch.org/whl/triton-3.5.0-cp312-cp312-manylinux_2_27_x86_64.manylinux_2_28_x86_64.whl.metadata (1.7 kB)
#10 37.23 Collecting mpmath<1.4,>=1.1.0 (from sympy>=1.13.3->torch==2.9.0)
#10 37.27   Downloading mpmath-1.3.0-py3-none-any.whl.metadata (8.6 kB)
#10 37.81 Collecting MarkupSafe>=2.0 (from jinja2->torch==2.9.0)
#10 37.83   Downloading https://download.pytorch.org/whl/markupsafe-3.0.3-cp312-cp312-manylinux2014_x86_64.manylinux_2_17_x86_64.manylinux_2_28_x86_64.whl.metadata (2.7 kB)
#10 37.97 Downloading https://download-r2.pytorch.org/whl/cu130/torch-2.9.0%2Bcu130-cp312-cp312-manylinux_2_28_x86_64.whl (612.6 MB)
#10 52.61    ━━━━━━━━━━━━━━━━━━━━━━━━━━━━━━━━━━━━━━━━ 612.6/612.6 MB 52.1 MB/s eta 0:00:00
#10 52.73 Downloading https://download-r2.pytorch.org/whl/cu130/torchaudio-2.9.0%2Bcu130-cp312-cp312-manylinux_2_28_x86_64.whl (2.1 MB)
#10 52.92    ━━━━━━━━━━━━━━━━━━━━━━━━━━━━━━━━━━━━━━━━ 2.1/2.1 MB 10.5 MB/s eta 0:00:00
#10 53.04 Downloading https://download-r2.pytorch.org/whl/triton-3.5.0-cp312-cp312-manylinux_2_27_x86_64.manylinux_2_28_x86_64.whl (170.5 MB)
#10 57.03    ━━━━━━━━━━━━━━━━━━━━━━━━━━━━━━━━━━━━━━━━ 170.5/170.5 MB 43.3 MB/s eta 0:00:00
#10 57.03 Downloading fsspec-2026.4.0-py3-none-any.whl (203 kB)
#10 57.05 Downloading networkx-3.6.1-py3-none-any.whl (2.1 MB)
#10 57.09    ━━━━━━━━━━━━━━━━━━━━━━━━━━━━━━━━━━━━━━━━ 2.1/2.1 MB 52.2 MB/s eta 0:00:00
#10 57.09 Downloading sympy-1.14.0-py3-none-any.whl (6.3 MB)
#10 57.22    ━━━━━━━━━━━━━━━━━━━━━━━━━━━━━━━━━━━━━━━━ 6.3/6.3 MB 50.9 MB/s eta 0:00:00
#10 57.24 Downloading https://download.pytorch.org/whl/typing_extensions-4.15.0-py3-none-any.whl (44 kB)
#10 57.26 Downloading filelock-3.29.0-py3-none-any.whl (39 kB)
#10 57.28 Downloading https://download.pytorch.org/whl/jinja2-3.1.6-py3-none-any.whl (134 kB)
#10 57.35 Downloading https://download.pytorch.org/whl/setuptools-70.2.0-py3-none-any.whl (930 kB)
#10 57.42    ━━━━━━━━━━━━━━━━━━━━━━━━━━━━━━━━━━━━━━━━ 930.8/930.8 kB 11.9 MB/s eta 0:00:00
#10 57.44 Downloading https://download.pytorch.org/whl/markupsafe-3.0.3-cp312-cp312-manylinux2014_x86_64.manylinux_2_17_x86_64.manylinux_2_28_x86_64.whl (22 kB)
#10 57.45 Downloading mpmath-1.3.0-py3-none-any.whl (536 kB)
#10 57.48    ━━━━━━━━━━━━━━━━━━━━━━━━━━━━━━━━━━━━━━━━ 536.2/536.2 kB 22.7 MB/s eta 0:00:00
#10 57.94 Installing collected packages: nvidia-cusparselt-cu13, mpmath, typing-extensions, triton, sympy, setuptools, nvidia-nvtx, nvidia-nvshmem-cu13, nvidia-nvjitlink, nvidia-nccl-cu13, nvidia-curand, nvidia-cufile, nvidia-cuda-runtime, nvidia-cuda-nvrtc, nvidia-cuda-cupti, nvidia-cublas, networkx, MarkupSafe, fsspec, filelock, nvidia-cusparse, nvidia-cufft, nvidia-cudnn-cu13, jinja2, nvidia-cusolver, torch, torchaudio
#10 73.79 Successfully installed MarkupSafe-3.0.3 filelock-3.29.0 fsspec-2026.4.0 jinja2-3.1.6 mpmath-1.3.0 networkx-3.6.1 nvidia-cublas-13.0.0.19 nvidia-cuda-cupti-13.0.48 nvidia-cuda-nvrtc-13.0.48 nvidia-cuda-runtime-13.0.48 nvidia-cudnn-cu13-9.13.0.50 nvidia-cufft-12.0.0.15 nvidia-cufile-1.15.0.42 nvidia-curand-10.4.0.35 nvidia-cusolver-12.0.3.29 nvidia-cusparse-12.6.2.49 nvidia-cusparselt-cu13-0.8.0 nvidia-nccl-cu13-2.27.7 nvidia-nvjitlink-13.0.39 nvidia-nvshmem-cu13-3.3.24 nvidia-nvtx-13.0.39 setuptools-70.2.0 sympy-1.14.0 torch-2.9.0+cu130 torchaudio-2.9.0+cu130 triton-3.5.0 typing-extensions-4.15.0
#10 73.79 WARNING: Running pip as the 'root' user can result in broken permissions and conflicting behaviour with the system package manager, possibly rendering your system unusable. It is recommended to use a virtual environment instead: https://pip.pypa.io/warnings/venv. Use the --root-user-action option if you know what you are doing and want to suppress this warning.
#10 DONE 75.9s

#11 [stage-0 5/8] COPY requirements.txt .
#11 DONE 0.1s

#12 [stage-0 6/8] RUN --mount=type=cache,target=/root/.cache/pip     pip install -r requirements.txt
#12 0.346 Requirement already satisfied: setuptools<81 in /usr/local/lib/python3.12/site-packages (from -r requirements.txt (line 5)) (70.2.0)
#12 0.397 Collecting transformers==4.51.0 (from -r requirements.txt (line 6))
#12 0.421   Downloading transformers-4.51.0-py3-none-any.whl.metadata (38 kB)
#12 0.482 Collecting accelerate==1.12.0 (from -r requirements.txt (line 7))
#12 0.496   Downloading accelerate-1.12.0-py3-none-any.whl.metadata (19 kB)
#12 0.566 Collecting safetensors>=0.7.0 (from -r requirements.txt (line 8))
#12 0.569   Downloading safetensors-0.8.0-cp310-abi3-manylinux_2_17_x86_64.manylinux2014_x86_64.whl.metadata (4.2 kB)
#12 0.584 Collecting minicpmo-utils>=1.0.5 (from minicpmo-utils[all]>=1.0.5->-r requirements.txt (line 11))
#12 0.588   Downloading minicpmo_utils-1.0.6.tar.gz (292 kB)
#12 0.620   Installing build dependencies: started
#12 1.310   Installing build dependencies: finished with status 'done'
#12 1.310   Getting requirements to build wheel: started
#12 1.416   Getting requirements to build wheel: finished with status 'done'
#12 1.416   Preparing metadata (pyproject.toml): started
#12 1.508   Preparing metadata (pyproject.toml): finished with status 'done'
#12 1.533 Collecting fastapi>=0.128.0 (from -r requirements.txt (line 14))
#12 1.533   Using cached fastapi-0.138.0-py3-none-any.whl.metadata (27 kB)
#12 1.550 Collecting uvicorn>=0.40.0 (from -r requirements.txt (line 15))
#12 1.550   Using cached uvicorn-0.49.0-py3-none-any.whl.metadata (6.7 kB)
#12 1.562 Collecting httpx>=0.28.0 (from -r requirements.txt (line 16))
#12 1.562   Using cached httpx-0.28.1-py3-none-any.whl.metadata (7.1 kB)
#12 1.596 Collecting websockets>=16.0 (from -r requirements.txt (line 17))
#12 1.597   Using cached websockets-16.0-cp312-cp312-manylinux1_x86_64.manylinux_2_28_x86_64.manylinux_2_5_x86_64.whl.metadata (6.8 kB)
#12 1.607 Collecting python-multipart (from -r requirements.txt (line 18))
#12 1.607   Using cached python_multipart-0.0.32-py3-none-any.whl.metadata (2.1 kB)
#12 1.617 Collecting markdown>=3.6 (from -r requirements.txt (line 21))
#12 1.618   Using cached markdown-3.10.2-py3-none-any.whl.metadata (5.1 kB)
#12 1.629 Collecting Pygments>=2.18.0 (from -r requirements.txt (line 22))
#12 1.630   Using cached pygments-2.20.0-py3-none-any.whl.metadata (2.5 kB)
#12 1.646 Collecting PyYAML>=6.0 (from -r requirements.txt (line 28))
#12 1.646   Using cached pyyaml-6.0.3-cp312-cp312-manylinux2014_x86_64.manylinux_2_17_x86_64.manylinux_2_28_x86_64.whl.metadata (2.4 kB)
#12 1.654 Collecting librosa==0.9.0 (from -r requirements.txt (line 29))
#12 1.658   Downloading librosa-0.9.0-py3-none-any.whl.metadata (6.9 kB)
#12 1.673 Collecting soundfile>=0.12.1 (from -r requirements.txt (line 30))
#12 1.674   Using cached soundfile-0.14.0-py2.py3-none-manylinux_2_28_x86_64.whl.metadata (18 kB)
#12 1.717 Collecting pydantic>=2.11.0 (from -r requirements.txt (line 33))
#12 1.718   Using cached pydantic-2.13.4-py3-none-any.whl.metadata (109 kB)
#12 1.791 Collecting numpy>=2.2.0 (from -r requirements.txt (line 34))
#12 1.792   Using cached numpy-2.4.6-cp312-cp312-manylinux_2_27_x86_64.manylinux_2_28_x86_64.whl.metadata (6.6 kB)
#12 1.823 Collecting tqdm>=4.67.0 (from -r requirements.txt (line 37))
#12 1.827   Downloading tqdm-4.68.3-py3-none-any.whl.metadata (57 kB)
#12 1.853 Collecting pytest>=9.0.0 (from -r requirements.txt (line 40))
#12 1.856   Downloading pytest-9.1.1-py3-none-any.whl.metadata (7.6 kB)
#12 1.878 Collecting pytest-asyncio>=1.3.0 (from -r requirements.txt (line 41))
#12 1.881   Downloading pytest_asyncio-1.4.0-py3-none-any.whl.metadata (4.1 kB)
#12 1.889 Requirement already satisfied: filelock in /usr/local/lib/python3.12/site-packages (from transformers==4.51.0->-r requirements.txt (line 6)) (3.29.0)
#12 1.914 Collecting huggingface-hub<1.0,>=0.30.0 (from transformers==4.51.0->-r requirements.txt (line 6))
#12 1.917   Downloading huggingface_hub-0.36.2-py3-none-any.whl.metadata (15 kB)
#12 1.944 Collecting packaging>=20.0 (from transformers==4.51.0->-r requirements.txt (line 6))
#12 1.945   Using cached packaging-26.2-py3-none-any.whl.metadata (3.5 kB)
#12 2.102 Collecting regex!=2019.12.17 (from transformers==4.51.0->-r requirements.txt (line 6))
#12 2.107   Downloading regex-2026.5.9-cp312-cp312-manylinux2014_x86_64.manylinux_2_17_x86_64.manylinux_2_28_x86_64.whl.metadata (40 kB)
#12 2.127 Collecting requests (from transformers==4.51.0->-r requirements.txt (line 6))
#12 2.127   Using cached requests-2.34.2-py3-none-any.whl.metadata (4.8 kB)
#12 2.188 Collecting tokenizers<0.22,>=0.21 (from transformers==4.51.0->-r requirements.txt (line 6))
#12 2.192   Downloading tokenizers-0.21.4-cp39-abi3-manylinux_2_17_x86_64.manylinux2014_x86_64.whl.metadata (6.7 kB)
#12 2.258 Collecting psutil (from accelerate==1.12.0->-r requirements.txt (line 7))
#12 2.261   Downloading psutil-7.2.2-cp36-abi3-manylinux2010_x86_64.manylinux_2_12_x86_64.manylinux_2_28_x86_64.whl.metadata (22 kB)
#12 2.268 Requirement already satisfied: torch>=2.0.0 in /usr/local/lib/python3.12/site-packages (from accelerate==1.12.0->-r requirements.txt (line 7)) (2.9.0+cu130)
#12 2.284 Collecting audioread>=2.1.5 (from librosa==0.9.0->-r requirements.txt (line 29))
#12 2.284   Using cached audioread-3.1.0-py3-none-any.whl.metadata (9.0 kB)
#12 2.332 Collecting scipy>=1.2.0 (from librosa==0.9.0->-r requirements.txt (line 29))
#12 2.332   Using cached scipy-1.18.0-cp312-cp312-manylinux_2_27_x86_64.manylinux_2_28_x86_64.whl.metadata (62 kB)
#12 2.371 Collecting scikit-learn>=0.19.1 (from librosa==0.9.0->-r requirements.txt (line 29))
#12 2.372   Using cached scikit_learn-1.9.0-cp312-cp312-manylinux_2_27_x86_64.manylinux_2_28_x86_64.whl.metadata (11 kB)
#12 2.387 Collecting joblib>=0.14 (from librosa==0.9.0->-r requirements.txt (line 29))
#12 2.388   Using cached joblib-1.5.3-py3-none-any.whl.metadata (5.5 kB)
#12 2.397 Collecting decorator>=4.0.10 (from librosa==0.9.0->-r requirements.txt (line 29))
#12 2.398   Using cached decorator-5.3.1-py3-none-any.whl.metadata (3.9 kB)
#12 2.407 Collecting resampy>=0.2.2 (from librosa==0.9.0->-r requirements.txt (line 29))
#12 2.411   Downloading resampy-0.4.3-py3-none-any.whl.metadata (3.0 kB)
#12 2.452 Collecting numba>=0.45.1 (from librosa==0.9.0->-r requirements.txt (line 29))
#12 2.453   Using cached numba-0.65.1-cp312-cp312-manylinux2014_x86_64.manylinux_2_17_x86_64.whl.metadata (2.9 kB)
#12 2.463 Collecting pooch>=1.0 (from librosa==0.9.0->-r requirements.txt (line 29))
#12 2.464   Using cached pooch-1.9.0-py3-none-any.whl.metadata (10 kB)
#12 2.543 Collecting pillow==10.4.0 (from minicpmo-utils>=1.0.5->minicpmo-utils[all]>=1.0.5->-r requirements.txt (line 11))
#12 2.547   Downloading pillow-10.4.0-cp312-cp312-manylinux_2_28_x86_64.whl.metadata (9.2 kB)
#12 2.660 Collecting decord==0.6.0 (from minicpmo-utils>=1.0.5->minicpmo-utils[all]>=1.0.5->-r requirements.txt (line 11))
#12 2.664   Downloading decord-0.6.0-py3-none-manylinux2010_x86_64.whl.metadata (422 bytes)
#12 2.679 Collecting moviepy==2.1.2 (from minicpmo-utils>=1.0.5->minicpmo-utils[all]>=1.0.5->-r requirements.txt (line 11))
#12 2.682   Downloading moviepy-2.1.2-py3-none-any.whl.metadata (6.9 kB)
#12 2.710 Collecting imageio<3.0,>=2.5 (from moviepy==2.1.2->minicpmo-utils>=1.0.5->minicpmo-utils[all]>=1.0.5->-r requirements.txt (line 11))
#12 2.713   Downloading imageio-2.37.3-py3-none-any.whl.metadata (9.7 kB)
#12 2.734 Collecting imageio_ffmpeg>=0.2.0 (from moviepy==2.1.2->minicpmo-utils>=1.0.5->minicpmo-utils[all]>=1.0.5->-r requirements.txt (line 11))
#12 2.737   Downloading imageio_ffmpeg-0.6.0-py3-none-manylinux2014_x86_64.whl.metadata (1.5 kB)
#12 2.755 Collecting proglog<=1.0.0 (from moviepy==2.1.2->minicpmo-utils>=1.0.5->minicpmo-utils[all]>=1.0.5->-r requirements.txt (line 11))
#12 2.759   Downloading proglog-0.1.12-py3-none-any.whl.metadata (794 bytes)
#12 2.774 Collecting python-dotenv>=0.10 (from moviepy==2.1.2->minicpmo-utils>=1.0.5->minicpmo-utils[all]>=1.0.5->-r requirements.txt (line 11))
#12 2.777   Downloading python_dotenv-1.2.2-py3-none-any.whl.metadata (27 kB)
#12 2.800 Collecting starlette>=0.46.0 (from fastapi>=0.128.0->-r requirements.txt (line 14))
#12 2.801   Using cached starlette-1.3.1-py3-none-any.whl.metadata (6.4 kB)
#12 2.807 Requirement already satisfied: typing-extensions>=4.8.0 in /usr/local/lib/python3.12/site-packages (from fastapi>=0.128.0->-r requirements.txt (line 14)) (4.15.0)
#12 2.813 Collecting typing-inspection>=0.4.2 (from fastapi>=0.128.0->-r requirements.txt (line 14))
#12 2.814   Using cached typing_inspection-0.4.2-py3-none-any.whl.metadata (2.6 kB)
#12 2.820 Collecting annotated-doc>=0.0.2 (from fastapi>=0.128.0->-r requirements.txt (line 14))
#12 2.821   Using cached annotated_doc-0.0.4-py3-none-any.whl.metadata (6.6 kB)
#12 2.831 Collecting click>=7.0 (from uvicorn>=0.40.0->-r requirements.txt (line 15))
#12 2.832   Using cached click-8.4.1-py3-none-any.whl.metadata (2.6 kB)
#12 2.841 Collecting h11>=0.8 (from uvicorn>=0.40.0->-r requirements.txt (line 15))
#12 2.841   Using cached h11-0.16.0-py3-none-any.whl.metadata (8.3 kB)
#12 2.852 Collecting anyio (from httpx>=0.28.0->-r requirements.txt (line 16))
#12 2.852   Using cached anyio-4.14.0-py3-none-any.whl.metadata (4.6 kB)
#12 2.885 Collecting certifi (from httpx>=0.28.0->-r requirements.txt (line 16))
#12 2.886   Using cached certifi-2026.6.17-py3-none-any.whl.metadata (2.5 kB)
#12 2.897 Collecting httpcore==1.* (from httpx>=0.28.0->-r requirements.txt (line 16))
#12 2.897   Using cached httpcore-1.0.9-py3-none-any.whl.metadata (21 kB)
#12 2.906 Collecting idna (from httpx>=0.28.0->-r requirements.txt (line 16))
#12 2.907   Using cached idna-3.18-py3-none-any.whl.metadata (6.1 kB)
#12 2.950 Collecting cffi>=1.0 (from soundfile>=0.12.1->-r requirements.txt (line 30))
#12 2.950   Using cached cffi-2.0.0-cp312-cp312-manylinux2014_x86_64.manylinux_2_17_x86_64.whl.metadata (2.6 kB)
#12 2.958 Collecting annotated-types>=0.6.0 (from pydantic>=2.11.0->-r requirements.txt (line 33))
#12 2.959   Using cached annotated_types-0.7.0-py3-none-any.whl.metadata (15 kB)
#12 3.254 Collecting pydantic-core==2.46.4 (from pydantic>=2.11.0->-r requirements.txt (line 33))
#12 3.254   Using cached pydantic_core-2.46.4-cp312-cp312-manylinux_2_17_x86_64.manylinux2014_x86_64.whl.metadata (6.6 kB)
#12 3.267 Collecting iniconfig>=1.0.1 (from pytest>=9.0.0->-r requirements.txt (line 40))
#12 3.270   Downloading iniconfig-2.3.0-py3-none-any.whl.metadata (2.5 kB)
#12 3.287 Collecting pluggy<2,>=1.5 (from pytest>=9.0.0->-r requirements.txt (line 40))
#12 3.290   Downloading pluggy-1.6.0-py3-none-any.whl.metadata (4.8 kB)
#12 3.313 Collecting pycparser (from cffi>=1.0->soundfile>=0.12.1->-r requirements.txt (line 30))
#12 3.314   Using cached pycparser-3.0-py3-none-any.whl.metadata (8.2 kB)
#12 3.318 Requirement already satisfied: fsspec>=2023.5.0 in /usr/local/lib/python3.12/site-packages (from huggingface-hub<1.0,>=0.30.0->transformers==4.51.0->-r requirements.txt (line 6)) (2026.4.0)
#12 3.336 Collecting hf-xet<2.0.0,>=1.1.3 (from huggingface-hub<1.0,>=0.30.0->transformers==4.51.0->-r requirements.txt (line 6))
#12 3.339   Downloading hf_xet-1.5.1-cp37-abi3-manylinux2014_x86_64.manylinux_2_17_x86_64.whl.metadata (4.9 kB)
#12 3.379 Collecting llvmlite<0.48,>=0.47.0dev0 (from numba>=0.45.1->librosa==0.9.0->-r requirements.txt (line 29))
#12 3.380   Using cached llvmlite-0.47.0-cp312-cp312-manylinux2014_x86_64.manylinux_2_17_x86_64.whl.metadata (5.0 kB)
#12 3.403 Collecting platformdirs>=2.5.0 (from pooch>=1.0->librosa==0.9.0->-r requirements.txt (line 29))
#12 3.404   Using cached platformdirs-4.10.0-py3-none-any.whl.metadata (5.5 kB)
#12 3.445 Collecting charset_normalizer<4,>=2 (from requests->transformers==4.51.0->-r requirements.txt (line 6))
#12 3.445   Using cached charset_normalizer-3.4.7-cp312-cp312-manylinux2014_x86_64.manylinux_2_17_x86_64.manylinux_2_28_x86_64.whl.metadata (40 kB)
#12 3.462 Collecting urllib3<3,>=1.26 (from requests->transformers==4.51.0->-r requirements.txt (line 6))
#12 3.463   Using cached urllib3-2.7.0-py3-none-any.whl.metadata (6.9 kB)
#12 3.501 Collecting narwhals>=2.0.1 (from scikit-learn>=0.19.1->librosa==0.9.0->-r requirements.txt (line 29))
#12 3.501   Using cached narwhals-2.22.1-py3-none-any.whl.metadata (15 kB)
#12 3.510 Collecting threadpoolctl>=3.5.0 (from scikit-learn>=0.19.1->librosa==0.9.0->-r requirements.txt (line 29))
#12 3.510   Using cached threadpoolctl-3.6.0-py3-none-any.whl.metadata (13 kB)
#12 3.538 Requirement already satisfied: sympy>=1.13.3 in /usr/local/lib/python3.12/site-packages (from torch>=2.0.0->accelerate==1.12.0->-r requirements.txt (line 7)) (1.14.0)
#12 3.539 Requirement already satisfied: networkx>=2.5.1 in /usr/local/lib/python3.12/site-packages (from torch>=2.0.0->accelerate==1.12.0->-r requirements.txt (line 7)) (3.6.1)
#12 3.539 Requirement already satisfied: jinja2 in /usr/local/lib/python3.12/site-packages (from torch>=2.0.0->accelerate==1.12.0->-r requirements.txt (line 7)) (3.1.6)
#12 3.539 Requirement already satisfied: nvidia-cuda-nvrtc==13.0.48 in /usr/local/lib/python3.12/site-packages (from torch>=2.0.0->accelerate==1.12.0->-r requirements.txt (line 7)) (13.0.48)
#12 3.539 Requirement already satisfied: nvidia-cuda-runtime==13.0.48 in /usr/local/lib/python3.12/site-packages (from torch>=2.0.0->accelerate==1.12.0->-r requirements.txt (line 7)) (13.0.48)
#12 3.539 Requirement already satisfied: nvidia-cuda-cupti==13.0.48 in /usr/local/lib/python3.12/site-packages (from torch>=2.0.0->accelerate==1.12.0->-r requirements.txt (line 7)) (13.0.48)
#12 3.540 Requirement already satisfied: nvidia-cudnn-cu13==9.13.0.50 in /usr/local/lib/python3.12/site-packages (from torch>=2.0.0->accelerate==1.12.0->-r requirements.txt (line 7)) (9.13.0.50)
#12 3.540 Requirement already satisfied: nvidia-cublas==13.0.0.19 in /usr/local/lib/python3.12/site-packages (from torch>=2.0.0->accelerate==1.12.0->-r requirements.txt (line 7)) (13.0.0.19)
#12 3.540 Requirement already satisfied: nvidia-cufft==12.0.0.15 in /usr/local/lib/python3.12/site-packages (from torch>=2.0.0->accelerate==1.12.0->-r requirements.txt (line 7)) (12.0.0.15)
#12 3.540 Requirement already satisfied: nvidia-curand==10.4.0.35 in /usr/local/lib/python3.12/site-packages (from torch>=2.0.0->accelerate==1.12.0->-r requirements.txt (line 7)) (10.4.0.35)
#12 3.541 Requirement already satisfied: nvidia-cusolver==12.0.3.29 in /usr/local/lib/python3.12/site-packages (from torch>=2.0.0->accelerate==1.12.0->-r requirements.txt (line 7)) (12.0.3.29)
#12 3.541 Requirement already satisfied: nvidia-cusparse==12.6.2.49 in /usr/local/lib/python3.12/site-packages (from torch>=2.0.0->accelerate==1.12.0->-r requirements.txt (line 7)) (12.6.2.49)
#12 3.541 Requirement already satisfied: nvidia-cusparselt-cu13==0.8.0 in /usr/local/lib/python3.12/site-packages (from torch>=2.0.0->accelerate==1.12.0->-r requirements.txt (line 7)) (0.8.0)
#12 3.541 Requirement already satisfied: nvidia-nccl-cu13==2.27.7 in /usr/local/lib/python3.12/site-packages (from torch>=2.0.0->accelerate==1.12.0->-r requirements.txt (line 7)) (2.27.7)
#12 3.541 Requirement already satisfied: nvidia-nvshmem-cu13==3.3.24 in /usr/local/lib/python3.12/site-packages (from torch>=2.0.0->accelerate==1.12.0->-r requirements.txt (line 7)) (3.3.24)
#12 3.542 Requirement already satisfied: nvidia-nvtx==13.0.39 in /usr/local/lib/python3.12/site-packages (from torch>=2.0.0->accelerate==1.12.0->-r requirements.txt (line 7)) (13.0.39)
#12 3.542 Requirement already satisfied: nvidia-nvjitlink==13.0.39 in /usr/local/lib/python3.12/site-packages (from torch>=2.0.0->accelerate==1.12.0->-r requirements.txt (line 7)) (13.0.39)
#12 3.542 Requirement already satisfied: nvidia-cufile==1.15.0.42 in /usr/local/lib/python3.12/site-packages (from torch>=2.0.0->accelerate==1.12.0->-r requirements.txt (line 7)) (1.15.0.42)
#12 3.542 Requirement already satisfied: triton==3.5.0 in /usr/local/lib/python3.12/site-packages (from torch>=2.0.0->accelerate==1.12.0->-r requirements.txt (line 7)) (3.5.0)
#12 3.554 Requirement already satisfied: torchaudio>=2.3.0 in /usr/local/lib/python3.12/site-packages (from minicpmo-utils>=1.0.5->minicpmo-utils[all]>=1.0.5->-r requirements.txt (line 11)) (2.9.0+cu130)
#12 3.590 Collecting onnxruntime<=1.21.0,>=1.18.0 (from minicpmo-utils>=1.0.5->minicpmo-utils[all]>=1.0.5->-r requirements.txt (line 11))
#12 3.594   Downloading onnxruntime-1.21.0-cp312-cp312-manylinux_2_27_x86_64.manylinux_2_28_x86_64.whl.metadata (4.7 kB)
#12 3.627 Collecting onnx (from minicpmo-utils>=1.0.5->minicpmo-utils[all]>=1.0.5->-r requirements.txt (line 11))
#12 3.631   Downloading onnx-1.22.0-cp312-abi3-manylinux_2_27_x86_64.manylinux_2_28_x86_64.whl.metadata (8.5 kB)
#12 3.746 Collecting hyperpyyaml (from minicpmo-utils>=1.0.5->minicpmo-utils[all]>=1.0.5->-r requirements.txt (line 11))
#12 3.750   Downloading hyperpyyaml-1.2.3-py3-none-any.whl.metadata (8.1 kB)
#12 3.769 Collecting einops==0.8.1 (from minicpmo-utils>=1.0.5->minicpmo-utils[all]>=1.0.5->-r requirements.txt (line 11))
#12 3.772   Downloading einops-0.8.1-py3-none-any.whl.metadata (13 kB)
#12 3.779 Collecting soundfile>=0.12.1 (from -r requirements.txt (line 30))
#12 3.783   Downloading soundfile-0.12.1-py2.py3-none-manylinux_2_31_x86_64.whl.metadata (14 kB)
#12 3.817 Collecting coloredlogs (from onnxruntime<=1.21.0,>=1.18.0->minicpmo-utils>=1.0.5->minicpmo-utils[all]>=1.0.5->-r requirements.txt (line 11))
#12 3.821   Downloading coloredlogs-15.0.1-py2.py3-none-any.whl.metadata (12 kB)
#12 3.839 Collecting flatbuffers (from onnxruntime<=1.21.0,>=1.18.0->minicpmo-utils>=1.0.5->minicpmo-utils[all]>=1.0.5->-r requirements.txt (line 11))
#12 3.842   Downloading flatbuffers-25.12.19-py2.py3-none-any.whl.metadata (1.0 kB)
#12 3.924 Collecting protobuf (from onnxruntime<=1.21.0,>=1.18.0->minicpmo-utils>=1.0.5->minicpmo-utils[all]>=1.0.5->-r requirements.txt (line 11))
#12 3.927   Downloading protobuf-7.35.1-cp310-abi3-manylinux2014_x86_64.whl.metadata (595 bytes)
#12 3.938 Requirement already satisfied: mpmath<1.4,>=1.1.0 in /usr/local/lib/python3.12/site-packages (from sympy>=1.13.3->torch>=2.0.0->accelerate==1.12.0->-r requirements.txt (line 7)) (1.3.0)
#12 4.045 Collecting ruamel.yaml<0.19.0,>=0.17.28 (from hyperpyyaml->minicpmo-utils>=1.0.5->minicpmo-utils[all]>=1.0.5->-r requirements.txt (line 11))
#12 4.050   Downloading ruamel_yaml-0.18.17-py3-none-any.whl.metadata (27 kB)
#12 4.057 Requirement already satisfied: MarkupSafe>=2.0 in /usr/local/lib/python3.12/site-packages (from jinja2->torch>=2.0.0->accelerate==1.12.0->-r requirements.txt (line 7)) (3.0.3)
#12 4.086 Collecting ml_dtypes>=0.5.4 (from onnx->minicpmo-utils>=1.0.5->minicpmo-utils[all]>=1.0.5->-r requirements.txt (line 11))
#12 4.090   Downloading ml_dtypes-0.5.4-cp312-cp312-manylinux_2_27_x86_64.manylinux_2_28_x86_64.whl.metadata (8.9 kB)
#12 4.158 Collecting ruamel.yaml.clib>=0.2.15 (from ruamel.yaml<0.19.0,>=0.17.28->hyperpyyaml->minicpmo-utils>=1.0.5->minicpmo-utils[all]>=1.0.5->-r requirements.txt (line 11))
#12 4.161   Downloading ruamel_yaml_clib-0.2.15-cp312-cp312-manylinux2014_x86_64.manylinux_2_17_x86_64.manylinux_2_28_x86_64.whl.metadata (3.5 kB)
#12 4.179 Collecting humanfriendly>=9.1 (from coloredlogs->onnxruntime<=1.21.0,>=1.18.0->minicpmo-utils>=1.0.5->minicpmo-utils[all]>=1.0.5->-r requirements.txt (line 11))
#12 4.183   Downloading humanfriendly-10.0-py2.py3-none-any.whl.metadata (9.2 kB)
#12 4.196 Downloading transformers-4.51.0-py3-none-any.whl (10.4 MB)
#12 4.540    ━━━━━━━━━━━━━━━━━━━━━━━━━━━━━━━━━━━━━━━━ 10.4/10.4 MB 30.2 MB/s eta 0:00:00
#12 4.545 Downloading accelerate-1.12.0-py3-none-any.whl (380 kB)
#12 4.564 Downloading librosa-0.9.0-py3-none-any.whl (211 kB)
#12 4.578 Downloading safetensors-0.8.0-cp310-abi3-manylinux_2_17_x86_64.manylinux2014_x86_64.whl (516 kB)
#12 4.599 Downloading decord-0.6.0-py3-none-manylinux2010_x86_64.whl (13.6 MB)
#12 4.830    ━━━━━━━━━━━━━━━━━━━━━━━━━━━━━━━━━━━━━━━━ 13.6/13.6 MB 59.4 MB/s eta 0:00:00
#12 4.834 Downloading moviepy-2.1.2-py3-none-any.whl (126 kB)
#12 4.845 Downloading pillow-10.4.0-cp312-cp312-manylinux_2_28_x86_64.whl (4.5 MB)
#12 4.933    ━━━━━━━━━━━━━━━━━━━━━━━━━━━━━━━━━━━━━━━━ 4.5/4.5 MB 52.5 MB/s eta 0:00:00
#12 4.934 Using cached fastapi-0.138.0-py3-none-any.whl (126 kB)
#12 4.934 Using cached uvicorn-0.49.0-py3-none-any.whl (71 kB)
#12 4.935 Using cached httpx-0.28.1-py3-none-any.whl (73 kB)
#12 4.935 Using cached httpcore-1.0.9-py3-none-any.whl (78 kB)
#12 4.936 Using cached websockets-16.0-cp312-cp312-manylinux1_x86_64.manylinux_2_28_x86_64.manylinux_2_5_x86_64.whl (184 kB)
#12 4.936 Using cached python_multipart-0.0.32-py3-none-any.whl (30 kB)
#12 4.937 Using cached markdown-3.10.2-py3-none-any.whl (108 kB)
#12 4.937 Using cached pygments-2.20.0-py3-none-any.whl (1.2 MB)
#12 4.938 Using cached pyyaml-6.0.3-cp312-cp312-manylinux2014_x86_64.manylinux_2_17_x86_64.manylinux_2_28_x86_64.whl (807 kB)
#12 4.939 Using cached pydantic-2.13.4-py3-none-any.whl (472 kB)
#12 4.940 Using cached pydantic_core-2.46.4-cp312-cp312-manylinux_2_17_x86_64.manylinux2014_x86_64.whl (2.1 MB)
#12 4.941 Using cached numpy-2.4.6-cp312-cp312-manylinux_2_27_x86_64.manylinux_2_28_x86_64.whl (16.6 MB)
#12 4.951 Downloading tqdm-4.68.3-py3-none-any.whl (78 kB)
#12 4.960 Downloading pytest-9.1.1-py3-none-any.whl (386 kB)
#12 4.975 Downloading pytest_asyncio-1.4.0-py3-none-any.whl (16 kB)
#12 4.980 Using cached annotated_doc-0.0.4-py3-none-any.whl (5.3 kB)
#12 4.980 Using cached annotated_types-0.7.0-py3-none-any.whl (13 kB)
#12 4.981 Using cached audioread-3.1.0-py3-none-any.whl (23 kB)
#12 4.981 Using cached cffi-2.0.0-cp312-cp312-manylinux2014_x86_64.manylinux_2_17_x86_64.whl (219 kB)
#12 4.982 Using cached click-8.4.1-py3-none-any.whl (116 kB)
#12 4.982 Using cached decorator-5.3.1-py3-none-any.whl (10 kB)
#12 4.983 Using cached h11-0.16.0-py3-none-any.whl (37 kB)
#12 4.986 Downloading huggingface_hub-0.36.2-py3-none-any.whl (566 kB)
#12 5.004    ━━━━━━━━━━━━━━━━━━━━━━━━━━━━━━━━━━━━━━━━ 566.4/566.4 kB 29.0 MB/s eta 0:00:00
#12 5.006 Downloading iniconfig-2.3.0-py3-none-any.whl (7.5 kB)
#12 5.012 Using cached joblib-1.5.3-py3-none-any.whl (309 kB)
#12 5.012 Using cached numba-0.65.1-cp312-cp312-manylinux2014_x86_64.manylinux_2_17_x86_64.whl (3.8 MB)
#12 5.014 Using cached packaging-26.2-py3-none-any.whl (100 kB)
#12 5.017 Downloading pluggy-1.6.0-py3-none-any.whl (20 kB)
#12 5.022 Using cached pooch-1.9.0-py3-none-any.whl (67 kB)
#12 5.025 Downloading regex-2026.5.9-cp312-cp312-manylinux2014_x86_64.manylinux_2_17_x86_64.manylinux_2_28_x86_64.whl (801 kB)
#12 5.046    ━━━━━━━━━━━━━━━━━━━━━━━━━━━━━━━━━━━━━━━━ 801.2/801.2 kB 36.3 MB/s eta 0:00:00
#12 5.047 Using cached requests-2.34.2-py3-none-any.whl (73 kB)
#12 5.047 Using cached certifi-2026.6.17-py3-none-any.whl (133 kB)
#12 5.048 Using cached idna-3.18-py3-none-any.whl (65 kB)
#12 5.051 Downloading resampy-0.4.3-py3-none-any.whl (3.1 MB)
#12 5.133    ━━━━━━━━━━━━━━━━━━━━━━━━━━━━━━━━━━━━━━━━ 3.1/3.1 MB 37.1 MB/s eta 0:00:00
#12 5.134 Using cached scikit_learn-1.9.0-cp312-cp312-manylinux_2_27_x86_64.manylinux_2_28_x86_64.whl (9.1 MB)
#12 5.137 Using cached scipy-1.18.0-cp312-cp312-manylinux_2_27_x86_64.manylinux_2_28_x86_64.whl (35.3 MB)
#12 5.148 Using cached starlette-1.3.1-py3-none-any.whl (73 kB)
#12 5.149 Using cached anyio-4.14.0-py3-none-any.whl (123 kB)
#12 5.152 Downloading tokenizers-0.21.4-cp39-abi3-manylinux_2_17_x86_64.manylinux2014_x86_64.whl (3.1 MB)
#12 5.209    ━━━━━━━━━━━━━━━━━━━━━━━━━━━━━━━━━━━━━━━━ 3.1/3.1 MB 55.1 MB/s eta 0:00:00
#12 5.210 Using cached typing_inspection-0.4.2-py3-none-any.whl (14 kB)
#12 5.213 Downloading soundfile-0.12.1-py2.py3-none-manylinux_2_31_x86_64.whl (1.2 MB)
#12 5.240    ━━━━━━━━━━━━━━━━━━━━━━━━━━━━━━━━━━━━━━━━ 1.2/1.2 MB 43.5 MB/s eta 0:00:00
#12 5.244 Downloading einops-0.8.1-py3-none-any.whl (64 kB)
#12 5.252 Downloading psutil-7.2.2-cp36-abi3-manylinux2010_x86_64.manylinux_2_12_x86_64.manylinux_2_28_x86_64.whl (155 kB)
#12 5.260 Using cached charset_normalizer-3.4.7-cp312-cp312-manylinux2014_x86_64.manylinux_2_17_x86_64.manylinux_2_28_x86_64.whl (216 kB)
#12 5.263 Downloading hf_xet-1.5.1-cp37-abi3-manylinux2014_x86_64.manylinux_2_17_x86_64.whl (4.5 MB)
#12 5.343    ━━━━━━━━━━━━━━━━━━━━━━━━━━━━━━━━━━━━━━━━ 4.5/4.5 MB 56.8 MB/s eta 0:00:00
#12 5.346 Downloading imageio-2.37.3-py3-none-any.whl (317 kB)
#12 5.360 Downloading imageio_ffmpeg-0.6.0-py3-none-manylinux2014_x86_64.whl (29.5 MB)
#12 5.854    ━━━━━━━━━━━━━━━━━━━━━━━━━━━━━━━━━━━━━━━━ 29.5/29.5 MB 59.9 MB/s eta 0:00:00
#12 5.855 Using cached llvmlite-0.47.0-cp312-cp312-manylinux2014_x86_64.manylinux_2_17_x86_64.whl (56.3 MB)
#12 5.875 Using cached narwhals-2.22.1-py3-none-any.whl (454 kB)
#12 5.997 Downloading onnxruntime-1.21.0-cp312-cp312-manylinux_2_27_x86_64.manylinux_2_28_x86_64.whl (16.0 MB)
#12 8.056    ━━━━━━━━━━━━━━━━━━━━━━━━━━━━━━━━━━━━━━━━ 16.0/16.0 MB 7.7 MB/s eta 0:00:00
#12 8.057 Using cached platformdirs-4.10.0-py3-none-any.whl (22 kB)
#12 8.060 Downloading proglog-0.1.12-py3-none-any.whl (6.3 kB)
#12 8.068 Downloading python_dotenv-1.2.2-py3-none-any.whl (22 kB)
#12 8.072 Using cached threadpoolctl-3.6.0-py3-none-any.whl (18 kB)
#12 8.073 Using cached urllib3-2.7.0-py3-none-any.whl (131 kB)
#12 8.076 Downloading hyperpyyaml-1.2.3-py3-none-any.whl (16 kB)
#12 8.084 Downloading onnx-1.22.0-cp312-abi3-manylinux_2_27_x86_64.manylinux_2_28_x86_64.whl (19.1 MB)
#12 8.685    ━━━━━━━━━━━━━━━━━━━━━━━━━━━━━━━━━━━━━━━━ 19.1/19.1 MB 31.7 MB/s eta 0:00:00
#12 8.686 Using cached pycparser-3.0-py3-none-any.whl (48 kB)
#12 8.692 Downloading ml_dtypes-0.5.4-cp312-cp312-manylinux_2_27_x86_64.manylinux_2_28_x86_64.whl (5.0 MB)
#12 8.783    ━━━━━━━━━━━━━━━━━━━━━━━━━━━━━━━━━━━━━━━━ 5.0/5.0 MB 55.2 MB/s eta 0:00:00
#12 8.786 Downloading protobuf-7.35.1-cp310-abi3-manylinux2014_x86_64.whl (327 kB)
#12 8.800 Downloading ruamel_yaml-0.18.17-py3-none-any.whl (121 kB)
#12 8.809 Downloading coloredlogs-15.0.1-py2.py3-none-any.whl (46 kB)
#12 8.818 Downloading flatbuffers-25.12.19-py2.py3-none-any.whl (26 kB)
#12 8.825 Downloading humanfriendly-10.0-py2.py3-none-any.whl (86 kB)
#12 8.835 Downloading ruamel_yaml_clib-0.2.15-cp312-cp312-manylinux2014_x86_64.manylinux_2_17_x86_64.manylinux_2_28_x86_64.whl (788 kB)
#12 8.855    ━━━━━━━━━━━━━━━━━━━━━━━━━━━━━━━━━━━━━━━━ 788.2/788.2 kB 34.9 MB/s eta 0:00:00
#12 9.040 Building wheels for collected packages: minicpmo-utils
#12 9.041   Building wheel for minicpmo-utils (pyproject.toml): started
#12 9.167   Building wheel for minicpmo-utils (pyproject.toml): finished with status 'done'
#12 9.167   Created wheel for minicpmo-utils: filename=minicpmo_utils-1.0.6-py3-none-any.whl size=315750 sha256=89b0296f79cb81054616c2609d70def5a20ec5ce31b7904f4b346542774826fc
#12 9.167   Stored in directory: /root/.cache/pip/wheels/7a/22/5e/4dac67479c973e43ea55be8ffe97e9aa7c4d2782cc9b514a75
#12 9.169 Successfully built minicpmo-utils
#12 9.287 Installing collected packages: flatbuffers, websockets, urllib3, typing-inspection, tqdm, threadpoolctl, safetensors, ruamel.yaml.clib, regex, PyYAML, python-multipart, python-dotenv, Pygments, pydantic-core, pycparser, psutil, protobuf, pluggy, platformdirs, pillow, packaging, numpy, narwhals, markdown, llvmlite, joblib, iniconfig, imageio_ffmpeg, idna, humanfriendly, hf-xet, h11, einops, decorator, click, charset_normalizer, certifi, audioread, annotated-types, annotated-doc, uvicorn, scipy, ruamel.yaml, requests, pytest, pydantic, proglog, numba, ml_dtypes, imageio, httpcore, decord, coloredlogs, cffi, anyio, starlette, soundfile, scikit-learn, resampy, pytest-asyncio, pooch, onnxruntime, onnx, moviepy, hyperpyyaml, huggingface-hub, httpx, tokenizers, librosa, fastapi, accelerate, transformers, minicpmo-utils
#12 22.52 Successfully installed PyYAML-6.0.3 Pygments-2.20.0 accelerate-1.12.0 annotated-doc-0.0.4 annotated-types-0.7.0 anyio-4.14.0 audioread-3.1.0 certifi-2026.6.17 cffi-2.0.0 charset_normalizer-3.4.7 click-8.4.1 coloredlogs-15.0.1 decorator-5.3.1 decord-0.6.0 einops-0.8.1 fastapi-0.138.0 flatbuffers-25.12.19 h11-0.16.0 hf-xet-1.5.1 httpcore-1.0.9 httpx-0.28.1 huggingface-hub-0.36.2 humanfriendly-10.0 hyperpyyaml-1.2.3 idna-3.18 imageio-2.37.3 imageio_ffmpeg-0.6.0 iniconfig-2.3.0 joblib-1.5.3 librosa-0.9.0 llvmlite-0.47.0 markdown-3.10.2 minicpmo-utils-1.0.6 ml_dtypes-0.5.4 moviepy-2.1.2 narwhals-2.22.1 numba-0.65.1 numpy-2.4.6 onnx-1.22.0 onnxruntime-1.21.0 packaging-26.2 pillow-10.4.0 platformdirs-4.10.0 pluggy-1.6.0 pooch-1.9.0 proglog-0.1.12 protobuf-7.35.1 psutil-7.2.2 pycparser-3.0 pydantic-2.13.4 pydantic-core-2.46.4 pytest-9.1.1 pytest-asyncio-1.4.0 python-dotenv-1.2.2 python-multipart-0.0.32 regex-2026.5.9 requests-2.34.2 resampy-0.4.3 ruamel.yaml-0.18.17 ruamel.yaml.clib-0.2.15 safetensors-0.8.0 scikit-learn-1.9.0 scipy-1.18.0 soundfile-0.12.1 starlette-1.3.1 threadpoolctl-3.6.0 tokenizers-0.21.4 tqdm-4.68.3 transformers-4.51.0 typing-inspection-0.4.2 urllib3-2.7.0 uvicorn-0.49.0 websockets-16.0
#12 22.52 WARNING: Running pip as the 'root' user can result in broken permissions and conflicting behaviour with the system package manager, possibly rendering your system unusable. It is recommended to use a virtual environment instead: https://pip.pypa.io/warnings/venv. Use the --root-user-action option if you know what you are doing and want to suppress this warning.
#12 DONE 23.9s

#13 [stage-0 7/8] COPY . .
#13 DONE 0.2s

#14 [stage-0 8/8] RUN chmod +x docker/entrypoint-worker-backend.sh     && mkdir -p /app/data /app/tmp /app/torch_compile_cache
#14 DONE 0.3s

#15 exporting to image
#15 exporting layers
#15 exporting layers 76.8s done
#15 exporting manifest sha256:c905d8847b938126942ad0fa402569387b7c11f12b9354406e1b168b23728fd7 0.0s done
#15 exporting config sha256:9df9bddf7791164fdc2a6ae652c59a651d2f736bd5f0fa95b8725317144b57b4 0.0s done
#15 exporting attestation manifest sha256:e86fe88646ea3bfc763d92d7af95129d16bb92c58a114fcdbba1dae7cc50de5e 0.0s done
#15 exporting manifest list sha256:9b11be2a267b6efa5beb05c149b5ed3191e2d894112bfd9b94e8b41db5359ad8 0.0s done
#15 naming to docker.io/library/minicpm-wb-b300:dev done
#15 unpacking to docker.io/library/minicpm-wb-b300:dev
#15 unpacking to docker.io/library/minicpm-wb-b300:dev 13.5s done
#15 DONE 90.3s
